2025-10-15 14:40:56,600 - INFO - Data successfully backed up to data/backups\carelog_backup_2025-10-15_14-40-56.json
2025-10-15 14:40:59,218 - INFO - Data successfully backed up to data/backups\carelog_backup_2025-10-15_14-40-59.json
2025-10-15 14:41:00,863 - INFO - Data successfully backed up to data/backups\carelog_backup_2025-10-15_14-41-00.json
2025-10-15 14:41:02,970 - INFO - Data successfully backed up to data/backups\carelog_backup_2025-10-15_14-41-02.json
2025-10-15 14:41:03,072 - INFO - Data successfully backed up to data/backups\carelog_backup_2025-10-15_14-41-03.json
2025-10-15 14:41:03,117 - INFO - Data successfully backed up to data/backups\carelog_backup_2025-10-15_14-41-03.json
2025-10-15 14:41:04,641 - INFO - Data successfully backed up to data/backups\carelog_backup_2025-10-15_14-41-04.json
2025-10-15 14:41:06,437 - INFO - Data successfully backed up to data/backups\carelog_backup_2025-10-15_14-41-06.json
2025-10-15 14:41:07,084 - INFO - Data successfully backed up to data/backups\carelog_backup_2025-10-15_14-41-07.json
2025-10-15 14:41:07,886 - INFO - Data successfully backed up to data/backups\carelog_backup_2025-10-15_14-41-07.json
2025-10-15 14:41:20,124 - INFO - Data successfully backed up to data/backups\carelog_backup_2025-10-15_14-41-20.json
2025-10-15 14:41:23,098 - INFO - Data successfully backed up to data/backups\carelog_backup_2025-10-15_14-41-23.json
2025-10-15 14:41:23,755 - INFO - Data successfully backed up to data/backups\carelog_backup_2025-10-15_14-41-23.json
2025-10-15 14:42:39,177 - INFO - Data successfully backed up to data/backups\carelog_backup_2025-10-15_14-42-39.json
2025-10-15 14:42:40,992 - INFO - Data successfully backed up to data/backups\carelog_backup_2025-10-15_14-42-40.json
2025-10-15 14:42:42,634 - INFO - Data successfully backed up to data/backups\carelog_backup_2025-10-15_14-42-42.json
2025-10-15 14:42:43,950 - INFO - Data successfully backed up to data/backups\carelog_backup_2025-10-15_14-42-43.json
2025-10-15 14:42:47,854 - INFO - Data successfully backed up to data/backups\carelog_backup_2025-10-15_14-42-47.json
2025-10-15 14:42:49,760 - INFO - Data successfully backed up to data/backups\carelog_backup_2025-10-15_14-42-49.json
2025-10-15 14:42:51,299 - INFO - Data successfully backed up to data/backups\carelog_backup_2025-10-15_14-42-51.json
2025-10-15 14:42:52,513 - INFO - Data successfully backed up to data/backups\carelog_backup_2025-10-15_14-42-52.json
2025-10-15 14:42:54,820 - INFO - Data successfully backed up to data/backups\carelog_backup_2025-10-15_14-42-54.json
2025-10-15 14:42:59,198 - INFO - Data successfully backed up to data/backups\carelog_backup_2025-10-15_14-42-59.json
2025-10-15 14:43:03,218 - INFO - Data successfully backed up to data/backups\carelog_backup_2025-10-15_14-43-03.json
2025-10-15 14:43:03,851 - INFO - Data successfully backed up to data/backups\carelog_backup_2025-10-15_14-43-03.json
2025-10-15 14:43:06,317 - INFO - Data successfully backed up to data/backups\carelog_backup_2025-10-15_14-43-06.json
2025-10-15 14:43:06,366 - INFO - Data successfully backed up to data/backups\carelog_backup_2025-10-15_14-43-06.json
2025-10-15 14:43:06,459 - INFO - Data successfully backed up to data/backups\carelog_backup_2025-10-15_14-43-06.json
2025-10-15 14:45:59,772 - INFO - Data successfully backed up to data/backups\carelog_backup_2025-10-15_14-45-59.json
2025-10-15 14:46:01,752 - INFO - Data successfully backed up to data/backups\carelog_backup_2025-10-15_14-46-01.json
2025-10-15 14:46:03,531 - INFO - Data successfully backed up to data/backups\carelog_backup_2025-10-15_14-46-03.json
2025-10-15 14:46:05,094 - INFO - Data successfully backed up to data/backups\carelog_backup_2025-10-15_14-46-05.json
2025-10-15 14:46:08,036 - INFO - Data successfully backed up to data/backups\carelog_backup_2025-10-15_14-46-08.json
2025-10-15 14:46:11,015 - INFO - Data successfully backed up to data/backups\carelog_backup_2025-10-15_14-46-11.json
2025-10-15 14:46:11,170 - INFO - Data successfully backed up to data/backups\carelog_backup_2025-10-15_14-46-11.json
2025-10-15 14:46:11,206 - INFO - Data successfully backed up to data/backups\carelog_backup_2025-10-15_14-46-11.json
2025-10-15 14:46:12,623 - INFO - Data successfully backed up to data/backups\carelog_backup_2025-10-15_14-46-12.json
2025-10-15 14:46:17,292 - INFO - Data successfully backed up to data/backups\carelog_backup_2025-10-15_14-46-17.json
2025-10-15 14:46:17,974 - INFO - Data successfully backed up to data/backups\carelog_backup_2025-10-15_14-46-17.json
2025-10-15 14:46:19,033 - INFO - Data successfully backed up to data/backups\carelog_backup_2025-10-15_14-46-19.json
2025-10-15 14:46:31,559 - INFO - Data successfully backed up to data/backups\carelog_backup_2025-10-15_14-46-31.json
2025-10-15 14:46:32,113 - INFO - Data successfully backed up to data/backups\carelog_backup_2025-10-15_14-46-32.json
2025-10-15 14:47:35,425 - INFO - Data successfully backed up to data/backups\carelog_backup_2025-10-15_14-47-35.json
2025-10-15 14:47:36,261 - INFO - Data successfully backed up to data/backups\carelog_backup_2025-10-15_14-47-36.json
2025-10-15 14:47:37,116 - INFO - Data successfully backed up to data/backups\carelog_backup_2025-10-15_14-47-37.json
2025-10-15 14:48:01,520 - INFO - Data successfully backed up to data/backups\carelog_backup_2025-10-15_14-48-01.json
2025-10-15 14:48:42,432 - INFO - Data successfully backed up to data/backups\carelog_backup_2025-10-15_14-48-42.json
2025-10-15 14:48:54,242 - INFO - Data successfully backed up to data/backups\carelog_backup_2025-10-15_14-48-54.json
2025-10-15 14:49:34,899 - INFO - Data successfully backed up to data/backups\carelog_backup_2025-10-15_14-49-34.json
2025-10-15 14:49:35,652 - INFO - Data successfully backed up to data/backups\carelog_backup_2025-10-15_14-49-35.json
2025-10-15 14:50:28,009 - INFO - Data successfully backed up to data/backups\carelog_backup_2025-10-15_14-50-28.json
2025-10-15 14:50:30,268 - INFO - Data successfully backed up to data/backups\carelog_backup_2025-10-15_14-50-30.json
2025-10-15 14:50:30,902 - INFO - Data successfully backed up to data/backups\carelog_backup_2025-10-15_14-50-30.json
2025-10-15 14:51:26,555 - INFO - Data successfully backed up to data/backups\carelog_backup_2025-10-15_14-51-26.json
2025-10-15 14:51:29,220 - INFO - Data successfully backed up to data/backups\carelog_backup_2025-10-15_14-51-29.json
2025-10-15 14:51:30,679 - INFO - Data successfully backed up to data/backups\carelog_backup_2025-10-15_14-51-30.json
2025-10-15 14:51:34,350 - INFO - Data successfully backed up to data/backups\carelog_backup_2025-10-15_14-51-34.json
2025-10-15 14:51:36,124 - INFO - Data successfully backed up to data/backups\carelog_backup_2025-10-15_14-51-36.json
2025-10-15 14:51:36,245 - INFO - Data successfully backed up to data/backups\carelog_backup_2025-10-15_14-51-36.json
2025-10-15 14:51:41,639 - INFO - Data successfully backed up to data/backups\carelog_backup_2025-10-15_14-51-41.json
2025-10-15 14:51:41,676 - INFO - Data successfully backed up to data/backups\carelog_backup_2025-10-15_14-51-41.json
2025-10-15 14:51:41,733 - INFO - Data successfully backed up to data/backups\carelog_backup_2025-10-15_14-51-41.json
2025-10-15 14:51:43,276 - INFO - Data successfully backed up to data/backups\carelog_backup_2025-10-15_14-51-43.json
2025-10-15 14:52:44,295 - INFO - Data successfully backed up to data/backups\carelog_backup_2025-10-15_14-52-44.json
2025-10-15 14:52:45,385 - INFO - Data successfully backed up to data/backups\carelog_backup_2025-10-15_14-52-45.json
2025-10-15 14:52:46,469 - INFO - Data successfully backed up to data/backups\carelog_backup_2025-10-15_14-52-46.json
2025-10-15 14:54:19,380 - INFO - Data successfully backed up to data/backups\carelog_backup_2025-10-15_14-54-19.json
2025-10-15 14:54:20,013 - INFO - Data successfully backed up to data/backups\carelog_backup_2025-10-15_14-54-20.json
2025-10-15 14:58:10,523 - INFO - Data successfully backed up to data/backups\carelog_backup_2025-10-15_14-58-10.json
2025-10-15 15:09:11,870 - INFO - Data successfully backed up to data/backups\carelog_backup_2025-10-15_15-09-11.json
2025-10-15 15:09:14,662 - INFO - Data successfully backed up to data/backups\carelog_backup_2025-10-15_15-09-14.json
2025-10-15 15:09:16,287 - INFO - Data successfully backed up to data/backups\carelog_backup_2025-10-15_15-09-16.json
2025-10-15 15:09:20,039 - INFO - Data successfully backed up to data/backups\carelog_backup_2025-10-15_15-09-20.json
2025-10-15 15:10:09,671 - INFO - Data successfully backed up to data/backups\carelog_backup_2025-10-15_15-10-09.json
2025-10-15 15:10:10,659 - INFO - Data successfully backed up to data/backups\carelog_backup_2025-10-15_15-10-10.json
2025-10-15 15:10:11,480 - INFO - Data successfully backed up to data/backups\carelog_backup_2025-10-15_15-10-11.json
2025-10-15 15:10:30,797 - INFO - Data successfully backed up to data/backups\carelog_backup_2025-10-15_15-10-30.json
2025-10-15 15:10:32,573 - INFO - Data successfully backed up to data/backups\carelog_backup_2025-10-15_15-10-32.json
2025-10-15 15:10:35,659 - INFO - Data successfully backed up to data/backups\carelog_backup_2025-10-15_15-10-35.json
2025-10-15 15:10:35,865 - INFO - Data successfully backed up to data/backups\carelog_backup_2025-10-15_15-10-35.json
2025-10-15 15:10:36,914 - INFO - Data successfully backed up to data/backups\carelog_backup_2025-10-15_15-10-36.json
2025-10-15 15:10:45,583 - INFO - Data successfully backed up to data/backups\carelog_backup_2025-10-15_15-10-45.json
2025-10-15 15:10:48,339 - INFO - Data successfully backed up to data/backups\carelog_backup_2025-10-15_15-10-48.json
2025-10-15 15:13:31,296 - INFO - Data successfully backed up to data/backups\carelog_backup_2025-10-15_15-13-31.json
2025-10-15 15:13:32,928 - INFO - Data successfully backed up to data/backups\carelog_backup_2025-10-15_15-13-32.json
2025-10-15 15:13:33,008 - INFO - Data successfully backed up to data/backups\carelog_backup_2025-10-15_15-13-33.json
2025-10-15 15:14:36,691 - INFO - Data successfully backed up to data/backups\carelog_backup_2025-10-15_15-14-36.json
2025-10-15 15:14:37,769 - INFO - Data successfully backed up to data/backups\carelog_backup_2025-10-15_15-14-37.json
2025-10-15 15:14:38,788 - INFO - Data successfully backed up to data/backups\carelog_backup_2025-10-15_15-14-38.json
2025-10-15 15:17:39,216 - INFO - Data successfully backed up to data/backups\carelog_backup_2025-10-15_15-17-39.json
2025-10-15 15:17:40,754 - INFO - Data successfully backed up to data/backups\carelog_backup_2025-10-15_15-17-40.json
2025-10-15 15:17:43,311 - INFO - Data successfully backed up to data/backups\carelog_backup_2025-10-15_15-17-43.json
2025-10-15 15:17:44,133 - INFO - Data successfully backed up to data/backups\carelog_backup_2025-10-15_15-17-44.json
2025-10-15 15:17:51,041 - INFO - Data successfully backed up to data/backups\carelog_backup_2025-10-15_15-17-51.json
2025-10-15 15:17:51,977 - INFO - Data successfully backed up to data/backups\carelog_backup_2025-10-15_15-17-51.json
2025-10-15 15:22:10,344 - INFO - Data successfully backed up to data/backups\carelog_backup_2025-10-15_15-22-10.json
2025-10-15 15:22:11,765 - INFO - Data successfully backed up to data/backups\carelog_backup_2025-10-15_15-22-11.json
2025-10-15 15:22:12,473 - INFO - Data successfully backed up to data/backups\carelog_backup_2025-10-15_15-22-12.json
2025-10-15 15:23:19,985 - INFO - Data successfully backed up to data/backups\carelog_backup_2025-10-15_15-23-19.json
2025-10-15 15:23:24,162 - INFO - Data successfully backed up to data/backups\carelog_backup_2025-10-15_15-23-24.json
2025-10-15 15:23:28,863 - INFO - Data successfully backed up to data/backups\carelog_backup_2025-10-15_15-23-28.json
2025-10-15 15:23:32,017 - INFO - Data successfully backed up to data/backups\carelog_backup_2025-10-15_15-23-32.json
2025-10-15 15:23:36,222 - INFO - Data successfully backed up to data/backups\carelog_backup_2025-10-15_15-23-36.json
2025-10-15 15:23:36,231 - INFO - Assigned John Doe to p2.
2025-10-15 15:23:37,396 - INFO - Data successfully backed up to data/backups\carelog_backup_2025-10-15_15-23-37.json
2025-10-15 15:23:39,502 - INFO - Data successfully backed up to data/backups\carelog_backup_2025-10-15_15-23-39.json
2025-10-15 15:23:43,801 - INFO - Data successfully backed up to data/backups\carelog_backup_2025-10-15_15-23-43.json
2025-10-15 15:23:43,880 - INFO - John Doe has been unassigned from p2
2025-10-15 15:23:45,096 - INFO - Data successfully backed up to data/backups\carelog_backup_2025-10-15_15-23-45.json
2025-10-15 15:23:46,340 - INFO - Data successfully backed up to data/backups\carelog_backup_2025-10-15_15-23-46.json
2025-10-15 15:23:48,922 - INFO - Data successfully backed up to data/backups\carelog_backup_2025-10-15_15-23-48.json
2025-10-15 15:23:49,019 - INFO - Data successfully backed up to data/backups\carelog_backup_2025-10-15_15-23-49.json
2025-10-15 15:23:52,321 - INFO - Data successfully backed up to data/backups\carelog_backup_2025-10-15_15-23-52.json
2025-10-15 15:23:53,672 - INFO - Data successfully backed up to data/backups\carelog_backup_2025-10-15_15-23-53.json
2025-10-15 15:23:55,601 - INFO - Data successfully backed up to data/backups\carelog_backup_2025-10-15_15-23-55.json
2025-10-15 15:24:02,740 - INFO - Data successfully backed up to data/backups\carelog_backup_2025-10-15_15-24-02.json
2025-10-15 15:24:07,041 - INFO - Data successfully backed up to data/backups\carelog_backup_2025-10-15_15-24-07.json
2025-10-15 15:24:11,407 - INFO - Data successfully backed up to data/backups\carelog_backup_2025-10-15_15-24-11.json
2025-10-15 15:24:12,734 - INFO - Data successfully backed up to data/backups\carelog_backup_2025-10-15_15-24-12.json
2025-10-15 15:24:16,710 - INFO - Data successfully backed up to data/backups\carelog_backup_2025-10-15_15-24-16.json
2025-10-15 15:24:16,718 - INFO - Assigned Jane Doe to p2.
2025-10-15 15:24:19,602 - INFO - Data successfully backed up to data/backups\carelog_backup_2025-10-15_15-24-19.json
2025-10-15 15:24:19,646 - INFO - Assigned John Doe to p2.
2025-10-15 15:24:24,819 - INFO - Data successfully backed up to data/backups\carelog_backup_2025-10-15_15-24-24.json
2025-10-15 15:24:28,004 - INFO - Data successfully backed up to data/backups\carelog_backup_2025-10-15_15-24-27.json
2025-10-15 15:24:31,154 - INFO - Data successfully backed up to data/backups\carelog_backup_2025-10-15_15-24-31.json
2025-10-15 15:24:31,204 - INFO - John Doe has been unassigned from p2
2025-10-15 15:24:33,502 - INFO - Data successfully backed up to data/backups\carelog_backup_2025-10-15_15-24-33.json
2025-10-15 15:24:33,512 - INFO - Jane Doe has been unassigned from p2
2025-10-15 15:26:27,086 - INFO - Data successfully backed up to data/backups\carelog_backup_2025-10-15_15-26-27.json
2025-10-15 15:26:28,695 - INFO - Data successfully backed up to data/backups\carelog_backup_2025-10-15_15-26-28.json
2025-10-15 15:26:29,245 - INFO - Data successfully backed up to data/backups\carelog_backup_2025-10-15_15-26-29.json
2025-10-15 15:26:29,985 - INFO - Data successfully backed up to data/backups\carelog_backup_2025-10-15_15-26-29.json
